ls: cannot access 'ne.fits.gz': No such file or directory
ls: cannot access 'ne.fits.gz': No such file or directory
ls: cannot access 'H.fits.gz': No such file or directory
